// Jest Snapshot v1, https://goo.gl/fbAQLP

exports[`SystemMessage component should render without issues 1`] = `
<div
  className="HD_aichatbot-container-smsg"
>
  <div
    className="HD_aichatbot-smsg"
  >
    <div
      className="HD_aichatbot-smsg-text"
    />
  </div>
</div>
`;
