// Jest Snapshot v1, https://goo.gl/fbAQLP

exports[`PhotoMessage component should render without issues 1`] = `
<div
  className="HD_aichatbot-mbox-photo"
>
  <div
    className="HD_aichatbot-mbox-photo--img"
  >
    <img
      onClick={null}
      onError={null}
      onLoad={null}
    />
  </div>
</div>
`;
