// Jest Snapshot v1, https://goo.gl/fbAQLP

exports[`SideBar component should render without issues 1`] = `
<div
  className="HD_aichatbot-sbar dark"
>
  <div
    className="HD_aichatbot-sbar-item"
  />
  <div
    className="HD_aichatbot-sbar-item HD_aichatbot-sbar-item__center"
  />
  <div
    className="HD_aichatbot-sbar-item"
  />
</div>
`;
