// Jest Snapshot v1, https://goo.gl/fbAQLP

exports[`VideoMessage component should render without issues 1`] = `
<div
  className="HD_aichatbot-mbox-video padding-time"
>
  <div
    className="HD_aichatbot-mbox-video--video"
  >
    <img
      onClick={null}
      onError={null}
      onLoad={null}
    />
  </div>
</div>
`;
