// Jest Snapshot v1, https://goo.gl/fbAQLP

exports[`Avatar component should render without issues 1`] = `
<div
  className="HD_aichatbot-avatar-container default default"
>
  <img
    alt=""
    className="HD_aichatbot-avatar"
    onError={[Function]}
    src=""
  />
</div>
`;
